Microchip MPLAB XC8 Compiler V2.32

Linker command line:

-W-3 --edf=D:\Program Files\Microchip\xc8\v2.32\pic\dat\en_msgs.txt -cn \
  -h+dist/default/debug\eleclock.X.debug.sym \
  --cmf=dist/default/debug\eleclock.X.debug.cmf -z -Q16F877A \
  -oC:\Users\penny\AppData\Local\Temp\xcAspd4.4 --defsym=__MPLAB_BUILD=1 \
  -Mdist/default/debug/eleclock.X.debug.map -E1 -ver=XC8 Compiler \
  --acfsm=1493 -ASTACK=0110h-016Fh -pstack=STACK \
  -ACODE=00h-07FFhx3,01800h-01EFFh -ASTRCODE=00h-01EFFh \
  -ASTRING=00h-0FFhx31 -ACONST=00h-0FFhx31 -AENTRY=00h-0FFhx31 \
  -ACOMMON=071h-07Fh -ABANK0=020h-06Fh -ABANK1=0A0h-0EFh \
  -ABANK2=0110h-016Fh -ABANK3=0190h-01E4h \
  -ARAM=020h-06Fh,0A0h-0EFh,0110h-016Fh,0190h-01E4h \
  -AABS1=020h-07Fh,0A0h-0EFh,0110h-016Fh,0190h-01EFh -ASFR0=00h-01Fh \
  -ASFR1=080h-09Fh -ASFR2=0100h-010Fh -ASFR3=0180h-018Fh \
  -ACONFIG=02007h-02007h -DCONFIG=2 -AIDLOC=02000h-02003h -DIDLOC=2 \
  -AEEDATA=00h-0FFh/02100h -peeprom_data=EEDATA -DEEDATA=2 -DCODE=2 \
  -DSTRCODE=2 -DSTRING=2 -DCONST=2 -DENTRY=2 \
  -preset_vec=00h,intentry,init,end_init -ppowerup=CODE -pcinit=CODE \
  -pfunctab=ENTRY -k C:\Users\penny\AppData\Local\Temp\xcAspd4.o \
  dist/default/debug\eleclock.X.debug.o 

Object code version is 3.11

Machine type is 16F877A



                Name                               Link     Load   Length Selector   Space Scale
C:\Users\penny\AppData\Local\Temp\xcAspd4.o
                end_init                              1        1        3        0       0
                reset_vec                             0        0        1        0       0
                config                             2007     2007        1        0       4
dist/default/debug\eleclock.X.debug.o
                cinit                               7DF      7DF       21      FBE       0
                config                             2007     2007        1        0       4
                text12                              1A4      1A4        1      348       0
                text11                              214      214       20      428       0
                text10                              1C0      1C0       19      380       0
                text9                               30D      30D       65      61A       0
                text8                               234      234       40      468       0
                text7                               372      372       68      6E4       0
                text6                               274      274       46      4E8       0
                text5                               2BA      2BA       53      574       0
                text4                               44B      44B       83      896       0
                text3                               4CE      4CE      105      99C       0
                text2                               1D9      1D9       1D      3B2       0
                text1                               5D3      5D3      20C      BA6       0
                maintext                            3DA      3DA       71      7B4       0
                cstackBANK0                          3E       3E       1A       20       1
                cstackCOMMON                         71       71        D       71       1
                clrtext                             1A5      1A5        8      34A       0
                inittext                            1AD      1AD       13      35A       0
                bssBANK1                             A0       A0        5       A0       1
                dataBANK0                            20       20       1E       20       1
                bssBANK0                             58       58       14       20       1
                strings                               4        4        E        8       0
                idataBANK0                          1F6      1F6       1E      3EC       0

TOTAL           Name                               Link     Load   Length     Space
        CLASS   STACK          

        CLASS   CODE           
                end_init                              1        1        3         0
                cinit                               7DF      7DF       21         0
                reset_vec                             0        0        1         0
                text12                              1A4      1A4        1         0
                text11                              214      214       20         0
                text10                              1C0      1C0       19         0
                text9                               30D      30D       65         0
                text8                               234      234       40         0
                text7                               372      372       68         0
                text6                               274      274       46         0
                text5                               2BA      2BA       53         0
                text4                               44B      44B       83         0
                text3                               4CE      4CE      105         0
                text2                               1D9      1D9       1D         0
                text1                               5D3      5D3      20C         0
                maintext                            3DA      3DA       71         0
                clrtext                             1A5      1A5        8         0
                inittext                            1AD      1AD       13         0
                idataBANK0                          1F6      1F6       1E         0

        CLASS   STRCODE        

        CLASS   STRING         
                strings                               4        4        E         0

        CLASS   CONST          

        CLASS   ENTRY          

        CLASS   COMMON         
                cstackCOMMON                         71       71        D         1

        CLASS   BANK0          
                cstackBANK0                          3E       3E       1A         1
                dataBANK0                            20       20       1E         1
                bssBANK0                             58       58       14         1

        CLASS   BANK1          
                bssBANK1                             A0       A0        5         1

        CLASS   BANK2          

        CLASS   BANK3          

        CLASS   RAM            

        CLASS   ABS1           
                abs_s1                               7E       7E        2         1

        CLASS   SFR0           

        CLASS   SFR1           

        CLASS   SFR2           

        CLASS   SFR3           

        CLASS   CONFIG         
                config                             2007     2007        1         4

        CLASS   IDLOC          

        CLASS   EEDATA         



SEGMENTS        Name                           Load    Length   Top    Selector   Space  Class     Delta

                reset_vec                      000000  000004  000004         0       0  CODE        2
                strings                        000004  00000E  000012         8       0  STRING      2
                dataBANK0                      000020  00004C  00006C        20       1  BANK0       1
                cstackCOMMON                   000071  00000D  00007E        71       1  COMMON      1
                bssBANK1                       0000A0  000005  0000A5        A0       1  BANK1       1
                text12                         0001A4  000001  0001A5       348       0  CODE        2
                clrtext                        0001A5  000008  0001AD       34A       0  CODE        2
                inittext                       0001AD  000013  0001C0       35A       0  CODE        2
                text10                         0001C0  000019  0001D9       380       0  CODE        2
                text2                          0001D9  00001D  0001F6       3B2       0  CODE        2
                idataBANK0                     0001F6  00001E  000214       3EC       0  CODE        2
                text11                         000214  000020  000234       428       0  CODE        2
                text8                          000234  000040  000274       468       0  CODE        2
                text6                          000274  000046  0002BA       4E8       0  CODE        2
                text5                          0002BA  000053  00030D       574       0  CODE        2
                text9                          00030D  000065  000372       61A       0  CODE        2
                text7                          000372  000068  0003DA       6E4       0  CODE        2
                maintext                       0003DA  000071  00044B       7B4       0  CODE        2
                text4                          00044B  000083  0004CE       896       0  CODE        2
                text3                          0004CE  000105  0005D3       99C       0  CODE        2
                text1                          0005D3  00020C  0007DF       BA6       0  CODE        2
                cinit                          0007DF  000021  000800       FBE       0  CODE        2


UNUSED ADDRESS RANGES

        Name                Unused          Largest block    Delta
        BANK0            006C-006F              4           1
        BANK1            00A5-00EF             4B           1
        BANK2            0110-016F             60           1
        BANK3            0190-01E4             55           1
        CODE             0012-01A3            192           2
                         0800-1EFF            800
        CONST            0012-01A3             EE           2
                         0800-1EFF            100
        EEDATA           2100-21FF            100           2
        ENTRY            0012-01A3             EE           2
                         0800-1EFF            100
        IDLOC            2000-2003              4           2
        RAM              006C-006F              4           1
                         00A5-00EF             4B
                         0110-016F             60
                         0190-01E4             55
        SFR0             0000-001F             20           1
        SFR1             0080-009F             20           1
        SFR2             0100-010F             10           1
        SFR3             0180-018F             10           1
        STACK            0110-016F             60           1
        STRCODE          0012-01A3            192           2
                         0800-1EFF           1700
        STRING           0012-01A3             EE           2
                         0800-1EFF            100

                                  Symbol Table

?___lldiv                      cstackBANK0  003E
?___lmul                       cstackCOMMON 0071
?_nec_remote_read              cstackCOMMON 0075
HT1621_Delay_us@d              cstackCOMMON 0073
HT1621_Delay_us@ucDat          cstackCOMMON 0071
I2C_Init@freq                  cstackBANK0  004C
IR_test_display@Temp_Data      cstackBANK0  0042
IR_test_display@add            cstackBANK0  003E
IR_test_display@command        cstackBANK0  0040
Write1DataHT1621@Addr          cstackCOMMON 0078
Write1DataHT1621@Dat           cstackCOMMON 0075
Write1DataHT1621@Shift         cstackCOMMON 007A
Write1DataHT1621@i             cstackCOMMON 0079
WriteCommandHT1621@FunctonCode cstackCOMMON 0077
WriteCommandHT1621@Shift       cstackCOMMON 0078
WriteCommandHT1621@i           cstackCOMMON 0079
_ACKDT                         (abs)        048D
_ACKEN                         (abs)        048C
_HT1621_Delay_us               text11       0214
_HT1621_Init                   text8        0234
_HT1621_comi                   bssBANK0     006A
_HT1621_dispram                bssBANK0     0058
_HT1621_maxcom                 dataBANK0    003D
_HT1621_num_init               text12       01A4
_HT1621_segi                   bssBANK0     006B
_HT1621_segtab                 strings      000A
_I2C_Init                      text5        02BA
_IR_test_display               text3        04CE
_LCD_RAM_Tab                   dataBANK0    0020
_PEN                           (abs)        048A
_RB5                           (abs)        0035
_RC1                           (abs)        0039
_RCEN                          (abs)        048B
_RD5                           (abs)        0045
_RD6                           (abs)        0046
_RD7                           (abs)        0047
_SEN                           (abs)        0488
_SSPADD                        (abs)        0093
_SSPBUF                        (abs)        0013
_SSPCON                        (abs)        0014
_SSPCON2                       (abs)        0091
_SSPSTAT                       (abs)        0094
_TRISB5                        (abs)        0435
_TRISC1                        (abs)        0439
_TRISC3                        (abs)        043B
_TRISC4                        (abs)        043C
_TRISD5                        (abs)        0445
_TRISD6                        (abs)        0446
_TRISD7                        (abs)        0447
_Write1DataHT1621              text4        044B
_WriteClockHT1621              text10       01C0
_WriteCommandHT1621            text9        030D
__Habs1                        abs1         0000
__Hbank0                       bank0        0000
__Hbank1                       bank1        0000
__Hbank2                       bank2        0000
__Hbank3                       bank3        0000
__HbssBANK0                    bssBANK0     0000
__HbssBANK1                    bssBANK1     0000
__Hcinit                       cinit        0800
__Hclrtext                     clrtext      0000
__Hcode                        code         0000
__Hcommon                      common       0000
__Hconfig                      config       2008
__HcstackBANK0                 cstackBANK0  0000
__HcstackCOMMON                cstackCOMMON 0000
__HdataBANK0                   dataBANK0    0000
__Heeprom_data                 eeprom_data  0000
__Hend_init                    end_init     0004
__Hfunctab                     functab      0000
__HidataBANK0                  idataBANK0   0000
__Hinit                        init         0001
__Hinittext                    inittext     0000
__Hintentry                    intentry     0001
__Hmaintext                    maintext     0000
__Hpowerup                     powerup      0000
__Hram                         ram          0000
__Hreset_vec                   reset_vec    0001
__Hsfr0                        sfr0         0000
__Hsfr1                        sfr1         0000
__Hsfr2                        sfr2         0000
__Hsfr3                        sfr3         0000
__Hspace_0                     (abs)        0800
__Hspace_1                     (abs)        00A5
__Hspace_2                     (abs)        0000
__Hspace_3                     (abs)        0000
__Hspace_4                     (abs)        400F
__Hstack                       stack        0000
__Hstrings                     strings      0000
__Htext                        text         0000
__Labs1                        abs1         0000
__Lbank0                       bank0        0000
__Lbank1                       bank1        0000
__Lbank2                       bank2        0000
__Lbank3                       bank3        0000
__LbssBANK0                    bssBANK0     0000
__LbssBANK1                    bssBANK1     0000
__Lcinit                       cinit        07DF
__Lclrtext                     clrtext      0000
__Lcode                        code         0000
__Lcommon                      common       0000
__Lconfig                      config       0000
__LcstackBANK0                 cstackBANK0  0000
__LcstackCOMMON                cstackCOMMON 0000
__LdataBANK0                   dataBANK0    0000
__Leeprom_data                 eeprom_data  0000
__Lend_init                    end_init     0001
__Lfunctab                     functab      0000
__LidataBANK0                  idataBANK0   0000
__Linit                        init         0001
__Linittext                    inittext     0000
__Lintentry                    intentry     0001
__Lmaintext                    maintext     0000
__Lpowerup                     powerup      0000
__Lram                         ram          0000
__Lreset_vec                   reset_vec    0000
__Lsfr0                        sfr0         0000
__Lsfr1                        sfr1         0000
__Lsfr2                        sfr2         0000
__Lsfr3                        sfr3         0000
__Lspace_0                     (abs)        0000
__Lspace_1                     (abs)        0000
__Lspace_2                     (abs)        0000
__Lspace_3                     (abs)        0000
__Lspace_4                     (abs)        0000
__Lstack                       stack        0000
__Lstrings                     strings      0000
__Ltext                        text         0000
__S0                           (abs)        0800
__S1                           (abs)        00A5
__S2                           (abs)        0000
__S3                           (abs)        0000
___int_sp                      stack        0000
___latbits                     (abs)        0002
___lldiv                       text7        0372
___lldiv@counter               cstackBANK0  004B
___lldiv@dividend              cstackBANK0  0042
___lldiv@divisor               cstackBANK0  003E
___lldiv@quotient              cstackBANK0  0047
___lmul                        text6        0274
___lmul@multiplicand           cstackCOMMON 0075
___lmul@multiplier             cstackCOMMON 0071
___lmul@product                cstackCOMMON 007A
___sp                          stack        0000
___stackhi                     (abs)        0000
___stacklo                     (abs)        0000
__end_of_HT1621_Delay_us       text11       0234
__end_of_HT1621_Init           text8        0274
__end_of_HT1621_num_init       text12       01A5
__end_of_HT1621_segtab         strings      0012
__end_of_I2C_Init              text5        030D
__end_of_IR_test_display       text3        05D3
__end_of_Write1DataHT1621      text4        04CE
__end_of_WriteClockHT1621      text10       01D9
__end_of_WriteCommandHT1621    text9        0372
__end_of___lldiv               text7        03DA
__end_of___lmul                text6        02BA
__end_of__initialization       cinit        07FC
__end_of__stringtab            strings      000A
__end_of_delay_us              text2        01F6
__end_of_main                  maintext     044B
__end_of_nec_remote_read       text1        07DF
__initialization               cinit        07DF
__pbssBANK0                    bssBANK0     0058
__pbssBANK1                    bssBANK1     00A0
__pcstackBANK0                 cstackBANK0  003E
__pcstackCOMMON                cstackCOMMON 0071
__pdataBANK0                   dataBANK0    0020
__pidataBANK0                  idataBANK0   01F6
__pmaintext                    maintext     03DA
__pstrings                     strings      0004
__ptext1                       text1        05D3
__ptext10                      text10       01C0
__ptext11                      text11       0214
__ptext12                      text12       01A4
__ptext2                       text2        01D9
__ptext3                       text3        04CE
__ptext4                       text4        044B
__ptext5                       text5        02BA
__ptext6                       text6        0274
__ptext7                       text7        0372
__ptext8                       text8        0234
__ptext9                       text9        030D
__size_of_HT1621_Delay_us      (abs)        0000
__size_of_HT1621_Init          (abs)        0000
__size_of_HT1621_num_init      (abs)        0000
__size_of_I2C_Init             (abs)        0000
__size_of_IR_test_display      (abs)        0000
__size_of_Write1DataHT1621     (abs)        0000
__size_of_WriteClockHT1621     (abs)        0000
__size_of_WriteCommandHT1621   (abs)        0000
__size_of___lldiv              (abs)        0000
__size_of___lmul               (abs)        0000
__size_of_delay_us             (abs)        0000
__size_of_main                 (abs)        0000
__size_of_nec_remote_read      (abs)        0000
__stringbase                   strings      0009
__stringtab                    strings      0004
_address                       bssBANK0     0068
_command                       bssBANK0     0066
_date                          dataBANK0    0036
_delay_us                      text2        01D9
_hour                          dataBANK0    0034
_inv_command                   bssBANK0     0064
_ir_code                       bssBANK0     0060
_main                          maintext     03DA
_min                           dataBANK0    0032
_month                         dataBANK0    0038
_nec_remote_read               text1        05D3
_sec                           dataBANK0    0030
_year                          dataBANK0    003A
btemp                          (abs)        007E
clear_ram0                     clrtext      01A5
delay_us@d                     cstackCOMMON 0073
delay_us@ucDat                 cstackCOMMON 0071
end_of_initialization          cinit        07FC
init_fetch0                    inittext     01AD
init_ram0                      inittext     01B1
intlevel0                      functab      0000
intlevel1                      functab      0000
intlevel2                      functab      0000
intlevel3                      functab      0000
intlevel4                      functab      0000
intlevel5                      functab      0000
nec_remote_read@count          cstackBANK0  0042
nec_remote_read@i              cstackBANK0  003E
reset_vec                      reset_vec    0000
start                          init         0001
start_initialization           cinit        07DF
wtemp0                         (abs)        007E


MODULE INFORMATION

Module		Function		Class		Link	Load	Size
clock.c
		_I2C_Init      		CODE           	02BA	0000	83

clock.c estimated size: 83

irf.c
		_delay_us      		CODE           	01D9	0000	29
		_nec_remote_read		CODE           	05D3	0000	524

irf.c estimated size: 553

eleclockmain.c
		_main          		CODE           	03DA	0000	113

eleclockmain.c estimated size: 113

shared
		__stringtab    		STRING         	0004	0000	6
		_HT1621_segtab 		STRING         	000A	0000	8
		__initialization		CODE           	07DF	0000	29

shared estimated size: 43

ht1621.c
		_IR_test_display		CODE           	04CE	0000	261
		_WriteClockHT1621		CODE           	01C0	0000	25
		_HT1621_Init   		CODE           	0234	0000	64
		_Write1DataHT1621		CODE           	044B	0000	131
		_HT1621_num_init		CODE           	01A4	0000	1
		_HT1621_Delay_us		CODE           	0214	0000	32
		_WriteCommandHT1621		CODE           	030D	0000	101

ht1621.c estimated size: 615

D:\Program Files\Microchip\xc8\v2.32\pic\sources\c90\common\Umul32.c
		___lmul        		CODE           	0274	0000	70

D:\Program Files\Microchip\xc8\v2.32\pic\sources\c90\common\Umul32.c estimated size: 70

D:\Program Files\Microchip\xc8\v2.32\pic\sources\c90\common\__lldiv.c
		___lldiv       		CODE           	0372	0000	104

D:\Program Files\Microchip\xc8\v2.32\pic\sources\c90\common\__lldiv.c estimated size: 104

